// Jest Snapshot v1, https://goo.gl/fbAQLP

exports[`module admin 1`] = `
"<!DOCTYPE html>
<html>
  <head>
    <meta charset=\\"utf-8\\" />
    <meta name=\\"viewport\\" content=\\"width=device-width, initial-scale=1.0\\" />
    <title>Content Manager</title>
  </head>
  <body>
  <script type=\\"text/javascript\\" src=\\"/admin/bundle.721d966526a89f3e0347.js\\"></script></body>
</html>
"
`;
